sample rate: 0.01 (0.01), P(X = 3): 0.01 (0.01)
sample rate: 0.13 (0.13), P(X = 3): 0.10 (0.10)
sample rate: 0.42 (0.42), P(X = 3): 0.14 (0.14)
sample rate: 0.73 (0.73), P(X = 3): 0.05 (0.05)
sample rate: 1.00 (1.00), P(X = 3): 0.00 (0.00)
